≡ƒÜÇ Starting Adjustment Test...

≡ƒº¬ Request: 'Make him a massive fire giant boss (CR 8) with a flaming greatsword.'
Vibe Combat | Starting Actor Adjustment...
Vibe Combat | Current Blueprint extracted: {
  name: 'Test Goblin',
  cr: 0.25,
  type: 'humanoid',
  alignment: 'Unaligned',
  stats: {
    ac: 15,
    hp: 7,
    movement: { walk: 30, fly: 0, swim: 0, climb: 0, burrow: 0, hover: false },
    abilities: { str: 8, dex: 14, con: 10, int: 10, wis: 8, cha: 8 }
  },
  saves: [],
  skills: [ { name: 'Stealth', value: 5 } ],
  senses: { darkvision: 0, blindsight: 0, tremorsense: 0, truesight: 0 },
  languages: [ 'common', 'goblin' ],
  resistances: [],
  immunities: [],
  condition_immunities: [],
  equipment: [
    { name: 'Scimitar', type: 'weapon', description: 'Slashy slashy.' }
  ],
  features: [],
  spellcasting: undefined,
  behavior: 'A nasty little goblin....',
  appearance: 'As described in bio.',
  twist: 'None',
  biography: 'A nasty little goblin.',
  habitat: 'Unknown',
  treasure: 'Standard'
}
Vibe Combat | Agent Generation Attempt 1/4
Vibe Combat | Gemini Request (gemini-2.5-flash-lite, try 1): {
  "contents": [
    {
      "parts": [
        {
          "text": "You are the \"Architect\", an expert D&D 5e monster designer.\n    \n    Task: MODIFY the provided \"Existing Blueprint\" based strictly on the \"User Adjustment Request\" found in the Context.\n    \n    Input Context:\n    - originalBlueprint: The current state of the NPC.\n    - userPrompt: The instructions for modification (e.g., \"Make him stronger\", \"Add fire damage\").\n    \n    Output a NEW \"Blueprint\" JSON object that incorporates the requested changes while maintaining the original creature's core identity unless asked to change it.\n    \n    Guidelines:\n    1. **Preserve Identity**: Keep name, lore, and flavor unless the request implies changing them.\n    2. **Apply Changes**: Conscientiously apply the user's request.\n       - If asked to \"Level up\", adjust CR, HP, AC, stats, and damage dice accordingly.\n       - If asked to \"Add an item\", add it to equipment/features.\n    3. **Balance Math**: If the request changes the CR or key stats, ensure AC, HP, and Save DCs are re-balanced for the new CR.\n    4. **Clean up**: If a feature makes no sense after the change, remove or replace it.\n    \n    Schema Requirements:\n    - Adhere strictly to the Blueprint Schema.\n    \n\nTask Context:\n{\n  \"originalBlueprint\": {\n    \"name\": \"Test Goblin\",\n    \"cr\": 0.25,\n    \"type\": \"humanoid\",\n    \"alignment\": \"Unaligned\",\n    \"stats\": {\n      \"ac\": 15,\n      \"hp\": 7,\n      \"movement\": {\n        \"walk\": 30,\n        \"fly\": 0,\n        \"swim\": 0,\n        \"climb\": 0,\n        \"burrow\": 0,\n        \"hover\": false\n      },\n      \"abilities\": {\n        \"str\": 8,\n        \"dex\": 14,\n        \"con\": 10,\n        \"int\": 10,\n        \"wis\": 8,\n        \"cha\": 8\n      }\n    },\n    \"saves\": [],\n    \"skills\": [\n      {\n        \"name\": \"Stealth\",\n        \"value\": 5\n      }\n    ],\n    \"senses\": {\n      \"darkvision\": 0,\n      \"blindsight\": 0,\n      \"tremorsense\": 0,\n      \"truesight\": 0\n    },\n    \"languages\": [\n      \"common\",\n      \"goblin\"\n    ],\n    \"resistances\": [],\n    \"immunities\": [],\n    \"condition_immunities\": [],\n    \"equipment\": [\n      {\n        \"name\": \"Scimitar\",\n        \"type\": \"weapon\",\n        \"description\": \"Slashy slashy.\"\n      }\n    ],\n    \"features\": [],\n    \"behavior\": \"A nasty little goblin....\",\n    \"appearance\": \"As described in bio.\",\n    \"twist\": \"None\",\n    \"biography\": \"A nasty little goblin.\",\n    \"habitat\": \"Unknown\",\n    \"treasure\": \"Standard\"\n  },\n  \"userPrompt\": \"Make him a massive fire giant boss (CR 8) with a flaming greatsword.\"\n}"
        }
      ]
    }
  ],
  "generationConfig": {
    "temperature": 0.75,
    "response_mime_type": "application/json",
    "response_schema": {
      "type": "object",
      "properties": {
        "name": {
          "description": "The name of the creature.",
          "type": "string"
        },
        "cr": {
          "description": "The Challenge Rating (CR) of the creature.",
          "type": "number"
        },
        "type": {
          "description": "The creature type (e.g., 'undead', 'beast').",
          "type": "string"
        },
        "alignment": {
          "description": "The alignment of the creature.",
          "type": "string"
        },
        "stats": {
          "type": "object",
          "properties": {
            "ac": {
              "type": "number"
            },
            "hp": {
              "type": "number"
            },
            "movement": {
              "type": "object",
              "properties": {
                "walk": {
                  "type": "number"
                },
                "fly": {
                  "type": "number"
                },
                "swim": {
                  "type": "number"
                },
                "burrow": {
                  "type": "number"
                },
                "climb": {
                  "type": "number"
                },
                "hover": {
                  "type": "boolean"
                }
              },
              "required": [
                "walk",
                "fly",
                "swim",
                "burrow",
                "climb",
                "hover"
              ]
            },
            "abilities": {
              "type": "object",
              "properties": {
                "str": {
                  "type": "number"
                },
                "dex": {
                  "type": "number"
                },
                "con": {
                  "type": "number"
                },
                "int": {
                  "type": "number"
                },
                "wis": {
                  "type": "number"
                },
                "cha": {
                  "type": "number"
                }
              },
              "required": [
                "str",
                "dex",
                "con",
                "int",
                "wis",
                "cha"
              ]
            }
          },
          "required": [
            "ac",
            "hp",
            "movement",
            "abilities"
          ]
        },
        "saves": {
          "description": "List of ability scores with save proficiency (e.g., ['dex', 'con']).",
          "type": "array",
          "items": {
            "type": "string"
          }
        },
        "skills": {
          "description": "List of skills and their modifiers.",
          "type": "array",
          "items": {
            "type": "object",
            "properties": {
              "name": {
                "type": "string"
              },
              "value": {
                "type": "number"
              }
            },
            "required": [
              "name",
              "value"
            ]
          }
        },
        "senses": {
          "type": "object",
          "properties": {
            "darkvision": {
              "type": "number"
            },
            "blindsight": {
              "type": "number"
            },
            "tremorsense": {
              "type": "number"
            },
            "truesight": {
              "type": "number"
            }
          },
          "required": [
            "darkvision",
            "blindsight",
            "tremorsense",
            "truesight"
          ]
        },
        "languages": {
          "type": "array",
          "items": {
            "type": "string"
          }
        },
        "resistances": {
          "type": "array",
          "items": {
            "type": "string"
          }
        },
        "immunities": {
          "type": "array",
          "items": {
            "type": "string"
          }
        },
        "condition_immunities": {
          "type": "array",
          "items": {
            "type": "string"
          }
        },
        "equipment": {
          "description": "Weapons, armor, and other equipment the creature carries.",
          "type": "array",
          "items": {
            "type": "object",
            "properties": {
              "name": {
                "type": "string"
              },
              "type": {
                "type": "string",
                "enum": [
                  "weapon",
                  "armor",
                  "shield",
                  "gear"
                ]
              },
              "description": {
                "type": "string"
              }
            },
            "required": [
              "name",
              "type"
            ]
          }
        },
        "features": {
          "description": "Special abilities and actions.",
          "type": "array",
          "items": {
            "type": "object",
            "properties": {
              "name": {
                "type": "string"
              },
              "description": {
                "type": "string"
              },
              "type": {
                "type": "string",
                "enum": [
                  "action",
                  "bonus",
                  "reaction",
                  "passive",
                  "legendary",
                  "mythic"
                ]
              }
            },
            "required": [
              "name",
              "description",
              "type"
            ]
          }
        },
        "spellcasting": {
          "type": "object",
          "properties": {
            "ability": {
              "description": "Spellcasting ability: 'int' for wizards, 'wis' for clerics/druids, 'cha' for sorcerers/warlocks.",
              "type": "string",
              "enum": [
                "int",
                "wis",
                "cha"
              ]
            },
            "spells": {
              "type": "object",
              "properties": {
                "atWill": {
                  "type": "array",
                  "items": {
                    "type": "string"
                  }
                },
                "perDay": {
                  "type": "array",
                  "items": {
                    "type": "object",
                    "properties": {
                      "spell": {
                        "type": "string"
                      },
                      "uses": {
                        "description": "Number of times per day this spell can be cast.",
                        "type": "number"
                      }
                    },
                    "required": [
                      "spell",
                      "uses"
                    ]
                  }
                }
              },
              "required": [
                "atWill",
                "perDay"
              ]
            }
          },
          "required": [
            "ability",
            "spells"
          ]
        },
        "behavior": {
          "description": "Combat tactics and behavior.",
          "type": "string"
        },
        "appearance": {
          "description": "Visual description.",
          "type": "string"
        },
        "twist": {
          "description": "A unique or unexpected trait.",
          "type": "string"
        },
        "biography": {
          "description": "Backstory and lore.",
          "type": "string"
        },
        "habitat": {
          "type": "string"
        },
        "treasure": {
          "type": "string"
        }
      },
      "required": [
        "name",
        "cr",
        "type",
        "alignment",
        "stats",
        "saves",
        "skills",
        "senses",
        "languages",
        "resistances",
        "immunities",
        "condition_immunities",
        "equipment",
        "features",
        "behavior",
        "appearance",
        "twist",
        "biography"
      ]
    }
  }
}
Vibe Combat | Adjusted Blueprint created: {
  name: 'Test Fire Giant Boss',
  cr: 8,
  type: 'giant',
  alignment: 'Neutral Evil',
  stats: {
    ac: 18,
    hp: 126,
    movement: { walk: 40, fly: 0, swim: 0, burrow: 0, climb: 0, hover: false },
    abilities: { str: 26, dex: 10, con: 22, int: 10, wis: 12, cha: 14 }
  },
  saves: [ 'str', 'con' ],
  skills: [
    { name: 'Athletics', value: 11 },
    { name: 'Intimidation', value: 6 }
  ],
  senses: { darkvision: 60, blindsight: 0, tremorsense: 0, truesight: 0 },
  languages: [ 'common', 'giant' ],
  resistances: [ 'fire' ],
  immunities: [],
  condition_immunities: [],
  equipment: [
    {
      name: 'Flaming Greatsword',
      type: 'weapon',
      description: 'A massive greatsword wreathed in flames. On a hit, the target takes an extra 2d6 fire damage.'
    }
  ],
  features: [
    {
      name: 'Siege Monster',
      description: 'The giant deals double damage to objects and structures.',
      type: 'passive'
    },
    {
      name: 'Fire Aura',
      description: 'Any creature that hits the giant with a melee attack while within 5 feet of it takes 1d6 fire damage.',
      type: 'passive'
    }
  ],
  behavior: 'A hulking brute, this fire giant boss revels in destruction and commands lesser fire creatures. It charges into battle, wielding its flaming greatsword with devastating force, and unleashes torrents of fire upon its enemies.',
  appearance: 'A colossal humanoid figure, easily standing over 15 feet tall. Its skin is the color of scorched earth, and its eyes burn with an inner fire. It wears crude, heavy armor and wields a massive greatsword that crackles with flames.',
  twist: "The flames on its greatsword are not magical but are a symbiotic entity bound to the weapon, feeding on the giant's rage.",
  biography: 'This fire giant was once a respected warrior among its kin, but its obsession with flame and destruction led to its exile. Now, it leads a band of fire-worshipping creatures, seeking to burn and conquer any settlement it encounters.',
  habitat: 'Volcanic regions, fiery planes, or scorched earth badlands.',
  treasure: 'Standard for a CR 8 creature, with a focus on precious metals and gemstones that have been subjected to intense heat.'
}
   (Mocking Quartermaster to save API Calls)
Vibe Combat | Components selected: {
  selectedUuids: [],
  customRequests: [
    {
      name: 'Siege Monster',
      description: 'The giant deals double damage to objects and structures.',
      type: 'passive'
    },
    {
      name: 'Fire Aura',
      description: 'Any creature that hits the giant with a melee attack while within 5 feet of it takes 1d6 fire damage.',
      type: 'passive'
    },
    {
      name: 'Flaming Greatsword',
      type: 'weapon',
      description: 'A massive greatsword wreathed in flames. On a hit, the target takes an extra 2d6 fire damage.'
    }
  ]
}
   (Mocking Blacksmith)
Vibe Combat | Custom items fabricated: [
  {
    name: 'Siege Monster',
    type: 'passive',
    system: { description: [Object], activation: [Object] },
    img: 'icons/svg/item-bag.svg'
  },
  {
    name: 'Fire Aura',
    type: 'passive',
    system: { description: [Object], activation: [Object] },
    img: 'icons/svg/item-bag.svg'
  },
  {
    name: 'Flaming Greatsword',
    type: 'weapon',
    system: { description: [Object], activation: [Object] },
    img: 'icons/svg/item-bag.svg'
  }
]
Vibe Combat | Updating Actor document...
MockActor.deleteEmbeddedDocuments called for Item, count: 1
MockActor.update called with keys: [ 'name', 'system', 'prototypeToken', 'img' ]
MockActor.createEmbeddedDocuments called for Item, count: 3
Vibe Combat | Actor adjusted successfully.

Γ£à Adjustment Complete!
New Name: Test Fire Giant Boss
New CR: 8
New HP: 126
New Type: giant
New Items: [ 'Siege Monster', 'Fire Aura', 'Flaming Greatsword' ]
